// Jest Snapshot v1, https://goo.gl/fbAQLP

exports[`renders correctly 1`] = `
<div
  className="css-cixvnn-Paginator"
>
  <div>
    Page
  </div>
  <ul
    className="css-qrcrqc-Paginator"
  />
</div>
`;
